[podcast-channel1.vercel.app/index.html]
[podcast-channel1.vercel.app/css/styles.css]
[backblue.gif]
[fade.gif]
[index.html]
[kit.fontawesome.com/6ba7dd1974.js]
[podcast-channel1.vercel.app/img/logo.svg]
[podcast-channel1.vercel.app/img/phone.png]
[podcast-channel1.vercel.app/img/grace_hopper.png]
[podcast-channel1.vercel.app/img/Katie_Bouman.png]
[podcast-channel1.vercel.app/img/Margaret_Hamilton.png]
[podcast-channel1.vercel.app/img/Computer_1950s.png]
[podcast-channel1.vercel.app/img/Computer_operators.png]
[podcast-channel1.vercel.app/img/susan_kare.png]
[podcast-channel1.vercel.app/img/icon1.svg]
[podcast-channel1.vercel.app/img/icon2.svg]
[podcast-channel1.vercel.app/img/icon3.svg]
[podcast-channel1.vercel.app/index.html]
[podcast-channel1.vercel.app/css/styles.css]
[podcast-channel1.vercel.app/img/logo.svg]
[podcast-channel1.vercel.app/img/icon1.svg]
[podcast-channel1.vercel.app/img/icon2.svg]
[podcast-channel1.vercel.app/img/icon3.svg]
[podcast-channel1.vercel.app/img/icon4.svg]
[podcast-channel1.vercel.app/img/icon4.svg]
